cross-check of corrected.md: 32 growth rounds

Column continuity - is each round's increase worked into the stitch
the previous round's increase made?

   rounds tested            : 30
   rounds with a slipped col: 0  -> none

Increase-column ancestry (which round-1 stitches each round's 12
increases descend from). A necessary but NOT sufficient check.

   R2   (0, 1, 2, 3, 4, 5, 6, 7, 8, 9, 10, 11)
   R3   (0, 1, 2, 3, 4, 5, 6, 7, 8, 9, 10, 11)
   R4   (0, 1, 2, 3, 4, 5, 6, 7, 8, 9, 10, 11)
   R5   (0, 1, 2, 3, 4, 5, 6, 7, 8, 9, 10, 11)
   R31  (0, 1, 2, 3, 4, 5, 6, 7, 8, 9, 10, 11)
   R32  (0, 1, 2, 3, 4, 5, 6, 7, 8, 9, 10, 11)

   distinct ancestor sets across R2-R32: 1
   all rounds share one set of 12 distinct ancestors -> radial

   distinct bobble ancestor sets across the 10 bobble rounds: 1

Border (independent expansion):
   Mini      edge 168 -> consumed 168, 28 scallops, 168 sts made
   Standard  edge 276 -> consumed 276, 46 scallops, 276 sts made
   Large     edge 384 -> consumed 384, 64 scallops, 384 sts made

Total body stitches R1-R32: 6336 (closed form 6*32*33 = 6336)

CROSS-CHECK PASSED - independent method agrees with verify.py
